---
source: tests/app.rs
expression: "render(&mut a, 80, 24)"
---
┌ Multi-rename ────────────────────────────────────────────────────────────────┐
│Name mask       [N]_[C]                                                       │
│Extension mask  [E]                                                           │
│Search                                                                        │
│Replace                                                                       │
│[ ] Regex (replace: $1..$9, ${name})                                          │
│[ ] Match case                                                                │
│Case            (•) unchanged  ( ) lower  ( ) upper  ( ) title                │
│Counter start   1                                                             │
│Counter step    1                                                             │
│Counter digits  1                                                             │
│[N] name  [E] extension  [N2-5] [N2-] [N-3] characters  [C] counter           │
│[P] directory  [Y][M][D] [h][m][s] modified  [[ ]] brackets  PgUp/PgDn        │
│the new name is longer than 255 bytes: "LLLLLLLLLLLLLLLLLLLLLLLLLLLLLLLLLLLLL~│
│.config                       -> .config_1                      ok            │
│src                           -> src_2                          ok            │
│-leading                      -> -leading_3                     ok            │
│bad\xff\xfeutf8               -> bad\xff\xfeutf8_4              ok            │
│big.iso                       -> big_5.iso                      ok            │
│file2.txt                     -> file2_6.txt                    ok            │
│Tab: next field   Enter: OK   Esc: cancel                                     │
└──────────────────────────────────────────────────────────────────────────────┘
/snap/left$                                                                     
F1Help  F2      F3View  F4Edit  F5Copy  F6Move  F7Mkdir F8Trash F9      F10Quit
