---
source: tests/dirs.rs
expression: out
---
┌ /snap/left ──────────────────────────┐┌ /snap/home ──────────────────────────┐
│N┌ Go to directory ─────────────────────────────────────────────────────────┐ │
│ │>                                                                         │ │
│ │* ~/Documents                                                             │ │
│ │* /etc                                                                    │ │
│ │* ~/bad\xffname\nhere                                                     │ │
│ │  ~/src/manycommander                                                     │ │
│ │  ~                                                                       │ │
│ │  /var/log                                                                │ │
│ │                                                                          │ │
│ │                                                                          │ │
│ │                                                                          │ │
│ │                                                                          │ │
│ │                                                                          │ │
│ │                                                                          │ │
│ │                                                                          │ │
│ │                                                                          │ │
│ │                                                                          │ │
│ │                                                                          │ │
│ │Enter: go   Ins: bookmark this directory   Del: remove   Esc: close       │ │
│ └──────────────────────────────────────────────────────────────────────────┘ │
└ 0 entries ───────────────────────────┘└ 0 entries ───────────────────────────┘
/snap/left$                                                                     
F1Help  F2      F3View  F4Edit  F5Copy  F6Move  F7Mkdir F8Trash F9      F10Quit
